// Jest Snapshot v1, https://goo.gl/fbAQLP

exports[`rod-input input-snapshot 1`] = `
<div>
  <input
    type="text"
  />
</div>
`;
